GCASM List File (GCBASIC 0.98.<<>> 2019-04-02  (Windows 32 bit))

Symbols:
-X 	EQU 	30
-Y 	EQU 	26
-Z 	EQU 	18
ACBG 	EQU 	6
ACD 	EQU 	7
ACI 	EQU 	4
ACIC 	EQU 	2
ACIE 	EQU 	3
ACIS0 	EQU 	0
ACIS1 	EQU 	1
ACME 	EQU 	6
ACO 	EQU 	5
ACSR 	EQU 	48
ADATE 	EQU 	5
ADC0D 	EQU 	0
ADC1D 	EQU 	1
ADC2D 	EQU 	2
ADC3D 	EQU 	3
ADC4D 	EQU 	4
ADC5D 	EQU 	5
ADCH 	EQU 	121
ADCH0 	EQU 	0
ADCH1 	EQU 	1
ADCH2 	EQU 	2
ADCH3 	EQU 	3
ADCH4 	EQU 	4
ADCH5 	EQU 	5
ADCH6 	EQU 	6
ADCH7 	EQU 	7
ADCL 	EQU 	120
ADCL0 	EQU 	0
ADCL1 	EQU 	1
ADCL2 	EQU 	2
ADCL3 	EQU 	3
ADCL4 	EQU 	4
ADCL5 	EQU 	5
ADCL6 	EQU 	6
ADCL7 	EQU 	7
ADCSRA 	EQU 	122
ADCSRB 	EQU 	123
ADEN 	EQU 	7
ADIE 	EQU 	3
ADIF 	EQU 	4
ADLAR 	EQU 	5
ADMUX 	EQU 	124
ADPS0 	EQU 	0
ADPS1 	EQU 	1
ADPS2 	EQU 	2
ADSC 	EQU 	6
ADTS0 	EQU 	0
ADTS1 	EQU 	1
ADTS2 	EQU 	2
AIN0D 	EQU 	0
AIN1D 	EQU 	1
AS2 	EQU 	5
ASSR 	EQU 	182
BASPROGRAMEND 	EQU 	474
BASPROGRAMSTART 	EQU 	52
BLBSET 	EQU 	3
BODS 	EQU 	6
BODSE 	EQU 	5
BORF 	EQU 	2
C 	EQU 	0
CAL0 	EQU 	0
CAL1 	EQU 	1
CAL2 	EQU 	2
CAL3 	EQU 	3
CAL4 	EQU 	4
CAL5 	EQU 	5
CAL6 	EQU 	6
CAL7 	EQU 	7
CHARARRAY 	EQU 	273
CLKPCE 	EQU 	7
CLKPR 	EQU 	97
CLKPS0 	EQU 	0
CLKPS1 	EQU 	1
CLKPS2 	EQU 	2
CLKPS3 	EQU 	3
COM0A0 	EQU 	6
COM0A1 	EQU 	7
COM0B0 	EQU 	4
COM0B1 	EQU 	5
COM1A0 	EQU 	6
COM1A1 	EQU 	7
COM1B0 	EQU 	4
COM1B1 	EQU 	5
COM2A0 	EQU 	6
COM2A1 	EQU 	7
COM2B0 	EQU 	4
COM2B1 	EQU 	5
CPHA 	EQU 	2
CPOL 	EQU 	3
CS00 	EQU 	0
CS01 	EQU 	1
CS02 	EQU 	2
CS10 	EQU 	0
CS11 	EQU 	1
CS12 	EQU 	2
CS20 	EQU 	0
CS21 	EQU 	1
CS22 	EQU 	2
D10US_START 	EQU 	490
DDB0 	EQU 	0
DDB1 	EQU 	1
DDB2 	EQU 	2
DDB3 	EQU 	3
DDB4 	EQU 	4
DDB5 	EQU 	5
DDB6 	EQU 	6
DDB7 	EQU 	7
DDC0 	EQU 	0
DDC1 	EQU 	1
DDC2 	EQU 	2
DDC3 	EQU 	3
DDC4 	EQU 	4
DDC5 	EQU 	5
DDC6 	EQU 	6
DDD0 	EQU 	0
DDD1 	EQU 	1
DDD2 	EQU 	2
DDD3 	EQU 	3
DDD4 	EQU 	4
DDD5 	EQU 	5
DDD6 	EQU 	6
DDD7 	EQU 	7
DDRB 	EQU 	4
DDRC 	EQU 	7
DDRD 	EQU 	10
DELAYTEMP 	EQU 	r25
DELAYTEMP2 	EQU 	r26
DELAYUS1 	EQU 	491
DELAYUS10 	EQU 	599
DELAYUS11 	EQU 	805
DELAYUS12 	EQU 	810
DELAYUS13 	EQU 	815
DELAYUS14 	EQU 	839
DELAYUS15 	EQU 	844
DELAYUS16 	EQU 	849
DELAYUS17 	EQU 	857
DELAYUS2 	EQU 	538
DELAYUS3 	EQU 	543
DELAYUS4 	EQU 	555
DELAYUS5 	EQU 	561
DELAYUS6 	EQU 	566
DELAYUS7 	EQU 	583
DELAYUS8 	EQU 	588
DELAYUS9 	EQU 	594
DELAYUSO5 	EQU 	560
DELAYUSO9 	EQU 	593
DELAY_10US 	EQU 	490
DELAY_MS 	EQU 	497
DELAY_S 	EQU 	509
DIDR0 	EQU 	126
DIDR1 	EQU 	127
DMS_INNER 	EQU 	500
DMS_OUTER 	EQU 	499
DMS_START 	EQU 	498
DOR0 	EQU 	3
DORD 	EQU 	5
DS_START 	EQU 	509
EEAR0 	EQU 	0
EEAR1 	EQU 	1
EEAR2 	EQU 	2
EEAR3 	EQU 	3
EEAR4 	EQU 	4
EEAR5 	EQU 	5
EEAR6 	EQU 	6
EEAR7 	EQU 	7
EEAR8 	EQU 	0
EEAR9 	EQU 	1
EEARH 	EQU 	34
EEARL 	EQU 	33
EECR 	EQU 	31
EEDR 	EQU 	32
EEDR0 	EQU 	0
EEDR1 	EQU 	1
EEDR2 	EQU 	2
EEDR3 	EQU 	3
EEDR4 	EQU 	4
EEDR5 	EQU 	5
EEDR6 	EQU 	6
EEDR7 	EQU 	7
EEMPE 	EQU 	2
EEPE 	EQU 	1
EEPM0 	EQU 	4
EEPM1 	EQU 	5
EERE 	EQU 	0
EERIE 	EQU 	3
EICRA 	EQU 	105
EIFR 	EQU 	28
EIMSK 	EQU 	29
ENDIF1 	EQU 	909
ENDIF10 	EQU 	830
ENDIF11 	EQU 	834
ENDIF12 	EQU 	838
ENDIF13 	EQU 	875
ENDIF14 	EQU 	875
ENDIF15 	EQU 	875
ENDIF16 	EQU 	690
ENDIF17 	EQU 	700
ENDIF18 	EQU 	710
ENDIF19 	EQU 	720
ENDIF2 	EQU 	937
ENDIF20 	EQU 	730
ENDIF21 	EQU 	740
ENDIF22 	EQU 	750
ENDIF23 	EQU 	760
ENDIF24 	EQU 	770
ENDIF5 	EQU 	792
ENDIF6 	EQU 	796
ENDIF7 	EQU 	800
ENDIF8 	EQU 	804
ENDIF9 	EQU 	826
EXCLK 	EQU 	6
EXTREF 	EQU 	1
EXTRF 	EQU 	1
FE0 	EQU 	4
FN_LCDREADY 	EQU 	876
FOC0A 	EQU 	7
FOC0B 	EQU 	6
FOC1A 	EQU 	7
FOC1B 	EQU 	6
FOC2A 	EQU 	7
FOC2B 	EQU 	6
GPIOR0 	EQU 	30
GPIOR00 	EQU 	0
GPIOR01 	EQU 	1
GPIOR02 	EQU 	2
GPIOR03 	EQU 	3
GPIOR04 	EQU 	4
GPIOR05 	EQU 	5
GPIOR06 	EQU 	6
GPIOR07 	EQU 	7
GPIOR1 	EQU 	42
GPIOR10 	EQU 	0
GPIOR11 	EQU 	1
GPIOR12 	EQU 	2
GPIOR13 	EQU 	3
GPIOR14 	EQU 	4
GPIOR15 	EQU 	5
GPIOR16 	EQU 	6
GPIOR17 	EQU 	7
GPIOR2 	EQU 	43
GPIOR20 	EQU 	0
GPIOR21 	EQU 	1
GPIOR22 	EQU 	2
GPIOR23 	EQU 	3
GPIOR24 	EQU 	4
GPIOR25 	EQU 	5
GPIOR26 	EQU 	6
GPIOR27 	EQU 	7
GTCCR 	EQU 	35
H 	EQU 	5
I 	EQU 	7
ICES1 	EQU 	6
ICF1 	EQU 	5
ICIE1 	EQU 	5
ICNC1 	EQU 	7
ICR1H 	EQU 	135
ICR1L 	EQU 	134
INITLCD 	EQU 	515
INITSYS 	EQU 	619
INITUNO 	EQU 	626
INT0 	EQU 	0
INT1 	EQU 	1
INTF0 	EQU 	0
INTF1 	EQU 	1
ISC00 	EQU 	0
ISC01 	EQU 	1
ISC10 	EQU 	2
ISC11 	EQU 	3
IVCE 	EQU 	0
IVSEL 	EQU 	1
LBCLS 	EQU 	476
LCDBYTE 	EQU 	282
LCDCHAR 	EQU 	283
LCDCHARLOC 	EQU 	284
LCDCOLUMN 	EQU 	285
LCDCREATECHAR 	EQU 	629
LCDCRSR 	EQU 	286
LCDCURSOR 	EQU 	679
LCDLINE 	EQU 	287
LCDNORMALWRITEBYTE 	EQU 	780
LCDREADY 	EQU 	288
LCDTEMP 	EQU 	289
LCDWRITECHAR 	EQU 	884
LCD_STATE 	EQU 	290
LOCATE 	EQU 	891
MCUCR 	EQU 	53
MCUSR 	EQU 	52
MPCM0 	EQU 	0
MSTR 	EQU 	4
MUX0 	EQU 	0
MUX1 	EQU 	1
MUX2 	EQU 	2
MUX3 	EQU 	3
N 	EQU 	2
OCF0A 	EQU 	1
OCF0B 	EQU 	2
OCF1A 	EQU 	1
OCF1B 	EQU 	2
OCF2A 	EQU 	1
OCF2B 	EQU 	2
OCIE0A 	EQU 	1
OCIE0B 	EQU 	2
OCIE1A 	EQU 	1
OCIE1B 	EQU 	2
OCIE2A 	EQU 	1
OCIE2B 	EQU 	2
OCR0A 	EQU 	39
OCR0A_0 	EQU 	0
OCR0A_1 	EQU 	1
OCR0A_2 	EQU 	2
OCR0A_3 	EQU 	3
OCR0A_4 	EQU 	4
OCR0A_5 	EQU 	5
OCR0A_6 	EQU 	6
OCR0A_7 	EQU 	7
OCR0B 	EQU 	40
OCR0B_0 	EQU 	0
OCR0B_1 	EQU 	1
OCR0B_2 	EQU 	2
OCR0B_3 	EQU 	3
OCR0B_4 	EQU 	4
OCR0B_5 	EQU 	5
OCR0B_6 	EQU 	6
OCR0B_7 	EQU 	7
OCR1AH 	EQU 	137
OCR1AL 	EQU 	136
OCR1BH 	EQU 	139
OCR1BL 	EQU 	138
OCR2A 	EQU 	179
OCR2AUB 	EQU 	3
OCR2A_0 	EQU 	0
OCR2A_1 	EQU 	1
OCR2A_2 	EQU 	2
OCR2A_3 	EQU 	3
OCR2A_4 	EQU 	4
OCR2A_5 	EQU 	5
OCR2A_6 	EQU 	6
OCR2A_7 	EQU 	7
OCR2B 	EQU 	180
OCR2BUB 	EQU 	2
OCR2B_0 	EQU 	0
OCR2B_1 	EQU 	1
OCR2B_2 	EQU 	2
OCR2B_3 	EQU 	3
OCR2B_4 	EQU 	4
OCR2B_5 	EQU 	5
OCR2B_6 	EQU 	6
OCR2B_7 	EQU 	7
OSCCAL 	EQU 	102
OSCCAL0 	EQU 	0
OSCCAL1 	EQU 	1
OSCCAL2 	EQU 	2
OSCCAL3 	EQU 	3
OSCCAL4 	EQU 	4
OSCCAL5 	EQU 	5
OSCCAL6 	EQU 	6
OSCCAL7 	EQU 	7
PB0 	EQU 	0
PB1 	EQU 	1
PB2 	EQU 	2
PB3 	EQU 	3
PB4 	EQU 	4
PB5 	EQU 	5
PB6 	EQU 	6
PB7 	EQU 	7
PC0 	EQU 	0
PC1 	EQU 	1
PC2 	EQU 	2
PC3 	EQU 	3
PC4 	EQU 	4
PC5 	EQU 	5
PC6 	EQU 	6
PCICR 	EQU 	104
PCIE0 	EQU 	0
PCIE1 	EQU 	1
PCIE2 	EQU 	2
PCIF0 	EQU 	0
PCIF1 	EQU 	1
PCIF2 	EQU 	2
PCIFR 	EQU 	27
PCINT0 	EQU 	0
PCINT1 	EQU 	1
PCINT10 	EQU 	2
PCINT11 	EQU 	3
PCINT12 	EQU 	4
PCINT13 	EQU 	5
PCINT14 	EQU 	6
PCINT16 	EQU 	0
PCINT17 	EQU 	1
PCINT18 	EQU 	2
PCINT19 	EQU 	3
PCINT2 	EQU 	2
PCINT20 	EQU 	4
PCINT21 	EQU 	5
PCINT22 	EQU 	6
PCINT23 	EQU 	7
PCINT3 	EQU 	3
PCINT4 	EQU 	4
PCINT5 	EQU 	5
PCINT6 	EQU 	6
PCINT7 	EQU 	7
PCINT8 	EQU 	0
PCINT9 	EQU 	1
PCMSK0 	EQU 	107
PCMSK1 	EQU 	108
PCMSK2 	EQU 	109
PD0 	EQU 	0
PD1 	EQU 	1
PD2 	EQU 	2
PD3 	EQU 	3
PD4 	EQU 	4
PD5 	EQU 	5
PD6 	EQU 	6
PD7 	EQU 	7
PGERS 	EQU 	1
PGWRT 	EQU 	2
PINB 	EQU 	3
PINB0 	EQU 	0
PINB1 	EQU 	1
PINB2 	EQU 	2
PINB3 	EQU 	3
PINB4 	EQU 	4
PINB5 	EQU 	5
PINB6 	EQU 	6
PINB7 	EQU 	7
PINC 	EQU 	6
PINC0 	EQU 	0
PINC1 	EQU 	1
PINC2 	EQU 	2
PINC3 	EQU 	3
PINC4 	EQU 	4
PINC5 	EQU 	5
PINC6 	EQU 	6
PIND 	EQU 	9
PIND0 	EQU 	0
PIND1 	EQU 	1
PIND2 	EQU 	2
PIND3 	EQU 	3
PIND4 	EQU 	4
PIND5 	EQU 	5
PIND6 	EQU 	6
PIND7 	EQU 	7
PORF 	EQU 	0
PORTB 	EQU 	5
PORTB0 	EQU 	0
PORTB1 	EQU 	1
PORTB2 	EQU 	2
PORTB3 	EQU 	3
PORTB4 	EQU 	4
PORTB5 	EQU 	5
PORTB6 	EQU 	6
PORTB7 	EQU 	7
PORTC 	EQU 	8
PORTC0 	EQU 	0
PORTC1 	EQU 	1
PORTC2 	EQU 	2
PORTC3 	EQU 	3
PORTC4 	EQU 	4
PORTC5 	EQU 	5
PORTC6 	EQU 	6
PORTD 	EQU 	11
PORTD0 	EQU 	0
PORTD1 	EQU 	1
PORTD2 	EQU 	2
PORTD3 	EQU 	3
PORTD4 	EQU 	4
PORTD5 	EQU 	5
PORTD6 	EQU 	6
PORTD7 	EQU 	7
PRADC 	EQU 	0
PRINT108 	EQU 	925
PRINTLEN 	EQU 	291
PRR 	EQU 	100
PRSPI 	EQU 	2
PRTIM0 	EQU 	5
PRTIM1 	EQU 	3
PRTIM2 	EQU 	6
PRTWI 	EQU 	7
PRUSART0 	EQU 	1
PSR2 	EQU 	1
PSRASY 	EQU 	1
PSRSYNC 	EQU 	0
PUD 	EQU 	4
RAMEND 	EQU 	2303
REFS0 	EQU 	6
REFS1 	EQU 	7
RWWSB 	EQU 	6
RWWSRE 	EQU 	4
RXB80 	EQU 	1
RXC0 	EQU 	7
RXCIE0 	EQU 	7
RXEN0 	EQU 	4
S 	EQU 	4
SE 	EQU 	0
SELFPRGEN 	EQU 	0
SM0 	EQU 	1
SM1 	EQU 	2
SM2 	EQU 	3
SMCR 	EQU 	51
SPCR 	EQU 	44
SPDR 	EQU 	46
SPDR0 	EQU 	0
SPDR1 	EQU 	1
SPDR2 	EQU 	2
SPDR3 	EQU 	3
SPDR4 	EQU 	4
SPDR5 	EQU 	5
SPDR6 	EQU 	6
SPDR7 	EQU 	7
SPE 	EQU 	6
SPH 	EQU 	62
SPI2X 	EQU 	0
SPIE 	EQU 	7
SPIF 	EQU 	7
SPL 	EQU 	61
SPMCSR 	EQU 	55
SPMIE 	EQU 	7
SPR0 	EQU 	0
SPR1 	EQU 	1
SPSR 	EQU 	45
SREG 	EQU 	63
SREG_C 	EQU 	0
SREG_H 	EQU 	5
SREG_I 	EQU 	7
SREG_N 	EQU 	2
SREG_S 	EQU 	4
SREG_T 	EQU 	6
SREG_V 	EQU 	3
SREG_Z 	EQU 	1
STRINGPOINTER 	EQU 	292
STRINGTABLE1 	EQU 	996
STRINGTABLE10 	EQU 	1051
STRINGTABLE11 	EQU 	1055
STRINGTABLE12 	EQU 	1061
STRINGTABLE13 	EQU 	1066
STRINGTABLE2 	EQU 	1002
STRINGTABLE3 	EQU 	1008
STRINGTABLE4 	EQU 	1013
STRINGTABLE5 	EQU 	1019
STRINGTABLE6 	EQU 	1024
STRINGTABLE7 	EQU 	1029
STRINGTABLE8 	EQU 	1037
STRINGTABLE9 	EQU 	1046
SYSBITTEST 	EQU 	r5
SYSBYTETEMPA 	EQU 	r22
SYSBYTETEMPB 	EQU 	r28
SYSBYTETEMPX 	EQU 	r0
SYSCALCTEMPA 	EQU 	r22
SYSCALCTEMPB 	EQU 	r28
SYSCALCTEMPX 	EQU 	r0
SYSCHARARRAY_1 	EQU 	274
SYSCHARARRAY_2 	EQU 	275
SYSCHARARRAY_3 	EQU 	276
SYSCHARARRAY_4 	EQU 	277
SYSCHARARRAY_5 	EQU 	278
SYSCHARARRAY_6 	EQU 	279
SYSCHARARRAY_7 	EQU 	280
SYSCHARARRAY_8 	EQU 	281
SYSDOLOOP_E1 	EQU 	474
SYSDOLOOP_S1 	EQU 	59
SYSFORLOOP1 	EQU 	945
SYSFORLOOP2 	EQU 	646
SYSFORLOOPEND1 	EQU 	971
SYSFORLOOPEND2 	EQU 	672
SYSLCDCHARDATAHANDLER 	EQU 	293
SYSLCDCHARDATAHANDLER_H 	EQU 	294
SYSPRINTDATAHANDLER 	EQU 	295
SYSPRINTDATAHANDLER_H 	EQU 	296
SYSPRINTTEMP 	EQU 	297
SYSREADA 	EQU 	r30
SYSREADA_H 	EQU 	r31
SYSREADSTRING 	EQU 	972
SYSREADSTRINGPART 	EQU 	979
SYSREPEATLOOP1 	EQU 	332
SYSREPEATLOOP2 	EQU 	553
SYSREPEATLOOPEND1 	EQU 	352
SYSREPEATLOOPEND2 	EQU 	575
SYSREPEATTEMP1 	EQU 	298
SYSREPEATTEMP2 	EQU 	299
SYSSTRINGA 	EQU 	r26
SYSSTRINGA_H 	EQU 	r27
SYSSTRINGB 	EQU 	r28
SYSSTRINGB_H 	EQU 	r29
SYSSTRINGLENGTH 	EQU 	r25
SYSSTRINGPARAM1 	EQU 	256
SYSSTRINGREAD 	EQU 	988
SYSSTRINGREADCHECK 	EQU 	985
SYSSTRINGTABLES 	EQU 	996
SYSTEMP1 	EQU 	r1
SYSTEMP2 	EQU 	r16
SYSTEMP3 	EQU 	r2
SYSVALUECOPY 	EQU 	r21
SYSWAITLOOP1 	EQU 	520
SYSWAITTEMP10US 	EQU 	r27
SYSWAITTEMPMS 	EQU 	r29
SYSWAITTEMPMS_H 	EQU 	r30
SYSWAITTEMPS 	EQU 	r31
SYSWAITTEMPUS 	EQU 	r27
SYSWAITTEMPUS_H 	EQU 	r28
T 	EQU 	6
TCCR0A 	EQU 	36
TCCR0B 	EQU 	37
TCCR1A 	EQU 	128
TCCR1B 	EQU 	129
TCCR1C 	EQU 	130
TCCR2A 	EQU 	176
TCCR2B 	EQU 	177
TCN2UB 	EQU 	4
TCNT0 	EQU 	38
TCNT0_0 	EQU 	0
TCNT0_1 	EQU 	1
TCNT0_2 	EQU 	2
TCNT0_3 	EQU 	3
TCNT0_4 	EQU 	4
TCNT0_5 	EQU 	5
TCNT0_6 	EQU 	6
TCNT0_7 	EQU 	7
TCNT1H 	EQU 	133
TCNT1L 	EQU 	132
TCNT2 	EQU 	178
TCNT2_0 	EQU 	0
TCNT2_1 	EQU 	1
TCNT2_2 	EQU 	2
TCNT2_3 	EQU 	3
TCNT2_4 	EQU 	4
TCNT2_5 	EQU 	5
TCNT2_6 	EQU 	6
TCNT2_7 	EQU 	7
TCR2AUB 	EQU 	1
TCR2BUB 	EQU 	0
TIFR0 	EQU 	21
TIFR1 	EQU 	22
TIFR2 	EQU 	23
TIMSK0 	EQU 	110
TIMSK1 	EQU 	111
TIMSK2 	EQU 	112
TOIE0 	EQU 	0
TOIE1 	EQU 	0
TOIE2 	EQU 	0
TOIE2A 	EQU 	0
TOV0 	EQU 	0
TOV1 	EQU 	0
TOV2 	EQU 	0
TSM 	EQU 	7
TWA0 	EQU 	1
TWA1 	EQU 	2
TWA2 	EQU 	3
TWA3 	EQU 	4
TWA4 	EQU 	5
TWA5 	EQU 	6
TWA6 	EQU 	7
TWAM0 	EQU 	1
TWAM1 	EQU 	2
TWAM2 	EQU 	3
TWAM3 	EQU 	4
TWAM4 	EQU 	5
TWAM5 	EQU 	6
TWAM6 	EQU 	7
TWAMR 	EQU 	189
TWAMR0 	EQU 	1
TWAMR1 	EQU 	2
TWAMR2 	EQU 	3
TWAMR3 	EQU 	4
TWAMR4 	EQU 	5
TWAMR5 	EQU 	6
TWAMR6 	EQU 	7
TWAR 	EQU 	186
TWBR 	EQU 	184
TWBR0 	EQU 	0
TWBR1 	EQU 	1
TWBR2 	EQU 	2
TWBR3 	EQU 	3
TWBR4 	EQU 	4
TWBR5 	EQU 	5
TWBR6 	EQU 	6
TWBR7 	EQU 	7
TWCR 	EQU 	188
TWD0 	EQU 	0
TWD1 	EQU 	1
TWD2 	EQU 	2
TWD3 	EQU 	3
TWD4 	EQU 	4
TWD5 	EQU 	5
TWD6 	EQU 	6
TWD7 	EQU 	7
TWDR 	EQU 	187
TWEA 	EQU 	6
TWEN 	EQU 	2
TWGCE 	EQU 	0
TWIE 	EQU 	0
TWINT 	EQU 	7
TWPS0 	EQU 	0
TWPS1 	EQU 	1
TWS3 	EQU 	3
TWS4 	EQU 	4
TWS5 	EQU 	5
TWS6 	EQU 	6
TWS7 	EQU 	7
TWSR 	EQU 	185
TWSTA 	EQU 	5
TWSTO 	EQU 	4
TWWC 	EQU 	3
TXB80 	EQU 	0
TXC0 	EQU 	6
TXCIE0 	EQU 	6
TXEN0 	EQU 	3
U2X0 	EQU 	1
UBRR0H 	EQU 	197
UBRR0L 	EQU 	196
UBRR10 	EQU 	2
UBRR11 	EQU 	3
UBRR2 	EQU 	2
UBRR3 	EQU 	3
UBRR4 	EQU 	4
UBRR5 	EQU 	5
UBRR6 	EQU 	6
UBRR7 	EQU 	7
UBRR8 	EQU 	0
UBRR9 	EQU 	1
UCPHA0 	EQU 	1
UCPOL0 	EQU 	0
UCSR0A 	EQU 	192
UCSR0B 	EQU 	193
UCSR0C 	EQU 	194
UCSZ00 	EQU 	1
UCSZ01 	EQU 	2
UCSZ02 	EQU 	2
UDORD0 	EQU 	2
UDR0 	EQU 	198
UDR0_0 	EQU 	0
UDR0_1 	EQU 	1
UDR0_2 	EQU 	2
UDR0_3 	EQU 	3
UDR0_4 	EQU 	4
UDR0_5 	EQU 	5
UDR0_6 	EQU 	6
UDR0_7 	EQU 	7
UDRE0 	EQU 	5
UDRIE0 	EQU 	5
UMSEL0 	EQU 	6
UMSEL00 	EQU 	6
UMSEL01 	EQU 	7
UMSEL1 	EQU 	7
UPE0 	EQU 	2
UPM00 	EQU 	4
UPM01 	EQU 	5
USBS0 	EQU 	3
V 	EQU 	3
WCOL 	EQU 	6
WDCE 	EQU 	4
WDE 	EQU 	3
WDIE 	EQU 	6
WDIF 	EQU 	7
WDP0 	EQU 	0
WDP1 	EQU 	1
WDP2 	EQU 	2
WDP3 	EQU 	5
WDRF 	EQU 	3
WDTCSR 	EQU 	96
WGM00 	EQU 	0
WGM01 	EQU 	1
WGM02 	EQU 	3
WGM10 	EQU 	0
WGM11 	EQU 	1
WGM12 	EQU 	3
WGM13 	EQU 	4
WGM20 	EQU 	0
WGM21 	EQU 	1
WGM22 	EQU 	3
X 	EQU 	28
X+ 	EQU 	29
Y 	EQU 	8
Y+ 	EQU 	25
Z 	EQU 	1
Z+ 	EQU 	17
_UBRR0 	EQU 	0
_UBRR1 	EQU 	1
rZ 	EQU 	0

Code:
Loc	Obj Code	Original Assembly

000000	C033	RJMP BASPROGRAMSTART

000002	9518	RETI

000004	9518	RETI

000006	9518	RETI

000008	9518	RETI

00000A	9518	RETI

00000C	9518	RETI

00000E	9518	RETI

000010	9518	RETI

000012	9518	RETI

000014	9518	RETI

000016	9518	RETI

000018	9518	RETI

00001A	9518	RETI

00001C	9518	RETI

00001E	9518	RETI

000020	9518	RETI

000022	9518	RETI

000024	9518	RETI

000026	9518	RETI

000028	9518	RETI

00002A	9518	RETI

00002C	9518	RETI

00002E	9518	RETI

000030	9518	RETI

000032	9518	RETI



		BASPROGRAMSTART
000034	E058	LDI SYSVALUECOPY,HIGH(RAMEND)
000035	BF5E	OUT SPH, SYSVALUECOPY
000036	EF5F	LDI SYSVALUECOPY,LOW(RAMEND)
000037	BF5D	OUT SPL, SYSVALUECOPY
000038	D232	RCALL INITSYS
000039	D238	RCALL INITUNO
00003A	D1C8	RCALL INITLCD

		SYSDOLOOP_S1
00003B	D1A0	RCALL LBCLS
00003C	E0F1	LDI SYSWAITTEMPS,1
00003D	D1BF	RCALL DELAY_S
00003E	E0C0	LDI SYSSTRINGB,LOW(SYSSTRINGPARAM1)
00003F	E0D1	LDI SYSSTRINGB_H,HIGH(SYSSTRINGPARAM1)
000040	ECE8	LDI SYSREADA,LOW(STRINGTABLE1<<1)
000041	E0F7	LDI SYSREADA_H,HIGH(STRINGTABLE1<<1)
000042	D389	RCALL SYSREADSTRING
000043	E050	LDI SYSVALUECOPY,LOW(SYSSTRINGPARAM1)
000044	9350 0127	STS SYSPRINTDATAHANDLER,SYSVALUECOPY
000046	E051	LDI SYSVALUECOPY,HIGH(SYSSTRINGPARAM1)
000047	9350 0128	STS SYSPRINTDATAHANDLER_H,SYSVALUECOPY
000049	D353	RCALL PRINT108
00004A	E0F1	LDI SYSWAITTEMPS,1
00004B	D1B1	RCALL DELAY_S
00004C	E051	LDI SYSVALUECOPY,1
00004D	9350 011F	STS LCDLINE,SYSVALUECOPY
00004F	E050	LDI SYSVALUECOPY,0
000050	9350 011D	STS LCDCOLUMN,SYSVALUECOPY
000052	D328	RCALL LOCATE
000053	E0C0	LDI SYSSTRINGB,LOW(SYSSTRINGPARAM1)
000054	E0D1	LDI SYSSTRINGB_H,HIGH(SYSSTRINGPARAM1)
000055	EDE4	LDI SYSREADA,LOW(STRINGTABLE2<<1)
000056	E0F7	LDI SYSREADA_H,HIGH(STRINGTABLE2<<1)
000057	D374	RCALL SYSREADSTRING
000058	E050	LDI SYSVALUECOPY,LOW(SYSSTRINGPARAM1)
000059	9350 0127	STS SYSPRINTDATAHANDLER,SYSVALUECOPY
00005B	E051	LDI SYSVALUECOPY,HIGH(SYSSTRINGPARAM1)
00005C	9350 0128	STS SYSPRINTDATAHANDLER_H,SYSVALUECOPY
00005E	D33E	RCALL PRINT108
00005F	E0F1	LDI SYSWAITTEMPS,1
000060	D19C	RCALL DELAY_S
000061	D17A	RCALL LBCLS
000062	E050	LDI SYSVALUECOPY,0
000063	9350 011F	STS LCDLINE,SYSVALUECOPY
000065	E050	LDI SYSVALUECOPY,0
000066	9350 011D	STS LCDCOLUMN,SYSVALUECOPY
000068	D312	RCALL LOCATE
000069	E0C0	LDI SYSSTRINGB,LOW(SYSSTRINGPARAM1)
00006A	E0D1	LDI SYSSTRINGB_H,HIGH(SYSSTRINGPARAM1)
00006B	EEE0	LDI SYSREADA,LOW(STRINGTABLE3<<1)
00006C	E0F7	LDI SYSREADA_H,HIGH(STRINGTABLE3<<1)
00006D	D35E	RCALL SYSREADSTRING
00006E	E050	LDI SYSVALUECOPY,LOW(SYSSTRINGPARAM1)
00006F	9350 0127	STS SYSPRINTDATAHANDLER,SYSVALUECOPY
000071	E051	LDI SYSVALUECOPY,HIGH(SYSSTRINGPARAM1)
000072	9350 0128	STS SYSPRINTDATAHANDLER_H,SYSVALUECOPY
000074	D328	RCALL PRINT108
000075	E051	LDI SYSVALUECOPY,1
000076	9350 011F	STS LCDLINE,SYSVALUECOPY
000078	E050	LDI SYSVALUECOPY,0
000079	9350 011D	STS LCDCOLUMN,SYSVALUECOPY
00007B	D2FF	RCALL LOCATE
00007C	E05A	LDI SYSVALUECOPY,10
00007D	9350 011E	STS LCDCRSR,SYSVALUECOPY
00007F	D227	RCALL LCDCURSOR
000080	E0F1	LDI SYSWAITTEMPS,1
000081	D17B	RCALL DELAY_S
000082	D159	RCALL LBCLS
000083	E05D	LDI SYSVALUECOPY,13
000084	9350 011E	STS LCDCRSR,SYSVALUECOPY
000086	D220	RCALL LCDCURSOR
000087	E050	LDI SYSVALUECOPY,0
000088	9350 011F	STS LCDLINE,SYSVALUECOPY
00008A	E050	LDI SYSVALUECOPY,0
00008B	9350 011D	STS LCDCOLUMN,SYSVALUECOPY
00008D	D2ED	RCALL LOCATE
00008E	E0C0	LDI SYSSTRINGB,LOW(SYSSTRINGPARAM1)
00008F	E0D1	LDI SYSSTRINGB_H,HIGH(SYSSTRINGPARAM1)
000090	EEEA	LDI SYSREADA,LOW(STRINGTABLE4<<1)
000091	E0F7	LDI SYSREADA_H,HIGH(STRINGTABLE4<<1)
000092	D339	RCALL SYSREADSTRING
000093	E050	LDI SYSVALUECOPY,LOW(SYSSTRINGPARAM1)
000094	9350 0127	STS SYSPRINTDATAHANDLER,SYSVALUECOPY
000096	E051	LDI SYSVALUECOPY,HIGH(SYSSTRINGPARAM1)
000097	9350 0128	STS SYSPRINTDATAHANDLER_H,SYSVALUECOPY
000099	D303	RCALL PRINT108
00009A	E0F1	LDI SYSWAITTEMPS,1
00009B	D161	RCALL DELAY_S
00009C	D13F	RCALL LBCLS
00009D	E050	LDI SYSVALUECOPY,0
00009E	9350 011F	STS LCDLINE,SYSVALUECOPY
0000A0	E050	LDI SYSVALUECOPY,0
0000A1	9350 011D	STS LCDCOLUMN,SYSVALUECOPY
0000A3	D2D7	RCALL LOCATE
0000A4	E0C0	LDI SYSSTRINGB,LOW(SYSSTRINGPARAM1)
0000A5	E0D1	LDI SYSSTRINGB_H,HIGH(SYSSTRINGPARAM1)
0000A6	EFE6	LDI SYSREADA,LOW(STRINGTABLE5<<1)
0000A7	E0F7	LDI SYSREADA_H,HIGH(STRINGTABLE5<<1)
0000A8	D323	RCALL SYSREADSTRING
0000A9	E050	LDI SYSVALUECOPY,LOW(SYSSTRINGPARAM1)
0000AA	9350 0127	STS SYSPRINTDATAHANDLER,SYSVALUECOPY
0000AC	E051	LDI SYSVALUECOPY,HIGH(SYSSTRINGPARAM1)
0000AD	9350 0128	STS SYSPRINTDATAHANDLER_H,SYSVALUECOPY
0000AF	D2ED	RCALL PRINT108
0000B0	E051	LDI SYSVALUECOPY,1
0000B1	9350 011F	STS LCDLINE,SYSVALUECOPY
0000B3	E050	LDI SYSVALUECOPY,0
0000B4	9350 011D	STS LCDCOLUMN,SYSVALUECOPY
0000B6	D2C4	RCALL LOCATE
0000B7	E059	LDI SYSVALUECOPY,9
0000B8	9350 011E	STS LCDCRSR,SYSVALUECOPY
0000BA	D1EC	RCALL LCDCURSOR
0000BB	E0F1	LDI SYSWAITTEMPS,1
0000BC	D140	RCALL DELAY_S
0000BD	D11E	RCALL LBCLS
0000BE	E050	LDI SYSVALUECOPY,0
0000BF	9350 011F	STS LCDLINE,SYSVALUECOPY
0000C1	E050	LDI SYSVALUECOPY,0
0000C2	9350 011D	STS LCDCOLUMN,SYSVALUECOPY
0000C4	D2B6	RCALL LOCATE
0000C5	E0C0	LDI SYSSTRINGB,LOW(SYSSTRINGPARAM1)
0000C6	E0D1	LDI SYSSTRINGB_H,HIGH(SYSSTRINGPARAM1)
0000C7	E0E0	LDI SYSREADA,LOW(STRINGTABLE6<<1)
0000C8	E0F8	LDI SYSREADA_H,HIGH(STRINGTABLE6<<1)
0000C9	D302	RCALL SYSREADSTRING
0000CA	E050	LDI SYSVALUECOPY,LOW(SYSSTRINGPARAM1)
0000CB	9350 0127	STS SYSPRINTDATAHANDLER,SYSVALUECOPY
0000CD	E051	LDI SYSVALUECOPY,HIGH(SYSSTRINGPARAM1)
0000CE	9350 0128	STS SYSPRINTDATAHANDLER_H,SYSVALUECOPY
0000D0	D2CC	RCALL PRINT108
0000D1	E05E	LDI SYSVALUECOPY,14
0000D2	9350 011E	STS LCDCRSR,SYSVALUECOPY
0000D4	D1D2	RCALL LCDCURSOR
0000D5	E0F1	LDI SYSWAITTEMPS,1
0000D6	D126	RCALL DELAY_S
0000D7	E050	LDI SYSVALUECOPY,0
0000D8	9350 011F	STS LCDLINE,SYSVALUECOPY
0000DA	E050	LDI SYSVALUECOPY,0
0000DB	9350 011D	STS LCDCOLUMN,SYSVALUECOPY
0000DD	D29D	RCALL LOCATE
0000DE	E0C0	LDI SYSSTRINGB,LOW(SYSSTRINGPARAM1)
0000DF	E0D1	LDI SYSSTRINGB_H,HIGH(SYSSTRINGPARAM1)
0000E0	E0EA	LDI SYSREADA,LOW(STRINGTABLE7<<1)
0000E1	E0F8	LDI SYSREADA_H,HIGH(STRINGTABLE7<<1)
0000E2	D2E9	RCALL SYSREADSTRING
0000E3	E050	LDI SYSVALUECOPY,LOW(SYSSTRINGPARAM1)
0000E4	9350 0127	STS SYSPRINTDATAHANDLER,SYSVALUECOPY
0000E6	E051	LDI SYSVALUECOPY,HIGH(SYSSTRINGPARAM1)
0000E7	9350 0128	STS SYSPRINTDATAHANDLER_H,SYSVALUECOPY
0000E9	D2B3	RCALL PRINT108
0000EA	E051	LDI SYSVALUECOPY,1
0000EB	9350 011F	STS LCDLINE,SYSVALUECOPY
0000ED	E050	LDI SYSVALUECOPY,0
0000EE	9350 011D	STS LCDCOLUMN,SYSVALUECOPY
0000F0	D28A	RCALL LOCATE
0000F1	E05A	LDI SYSVALUECOPY,10
0000F2	9350 011E	STS LCDCRSR,SYSVALUECOPY
0000F4	D1B2	RCALL LCDCURSOR
0000F5	E059	LDI SYSVALUECOPY,9
0000F6	9350 011E	STS LCDCRSR,SYSVALUECOPY
0000F8	D1AE	RCALL LCDCURSOR
0000F9	E0F1	LDI SYSWAITTEMPS,1
0000FA	D102	RCALL DELAY_S
0000FB	E050	LDI SYSVALUECOPY,0
0000FC	9350 011F	STS LCDLINE,SYSVALUECOPY
0000FE	E050	LDI SYSVALUECOPY,0
0000FF	9350 011D	STS LCDCOLUMN,SYSVALUECOPY
000101	D279	RCALL LOCATE
000102	E0C0	LDI SYSSTRINGB,LOW(SYSSTRINGPARAM1)
000103	E0D1	LDI SYSSTRINGB_H,HIGH(SYSSTRINGPARAM1)
000104	E1EA	LDI SYSREADA,LOW(STRINGTABLE8<<1)
000105	E0F8	LDI SYSREADA_H,HIGH(STRINGTABLE8<<1)
000106	D2C5	RCALL SYSREADSTRING
000107	E050	LDI SYSVALUECOPY,LOW(SYSSTRINGPARAM1)
000108	9350 0127	STS SYSPRINTDATAHANDLER,SYSVALUECOPY
00010A	E051	LDI SYSVALUECOPY,HIGH(SYSSTRINGPARAM1)
00010B	9350 0128	STS SYSPRINTDATAHANDLER_H,SYSVALUECOPY
00010D	D28F	RCALL PRINT108
00010E	E051	LDI SYSVALUECOPY,1
00010F	9350 011F	STS LCDLINE,SYSVALUECOPY
000111	E050	LDI SYSVALUECOPY,0
000112	9350 011D	STS LCDCOLUMN,SYSVALUECOPY
000114	D266	RCALL LOCATE
000115	E05D	LDI SYSVALUECOPY,13
000116	9350 011E	STS LCDCRSR,SYSVALUECOPY
000118	D18E	RCALL LCDCURSOR
000119	E05E	LDI SYSVALUECOPY,14
00011A	9350 011E	STS LCDCRSR,SYSVALUECOPY
00011C	D18A	RCALL LCDCURSOR
00011D	E0F1	LDI SYSWAITTEMPS,1
00011E	D0DE	RCALL DELAY_S
00011F	D0BC	RCALL LBCLS
000120	E050	LDI SYSVALUECOPY,0
000121	9350 011F	STS LCDLINE,SYSVALUECOPY
000123	E054	LDI SYSVALUECOPY,4
000124	9350 011D	STS LCDCOLUMN,SYSVALUECOPY
000126	D254	RCALL LOCATE
000127	E0C0	LDI SYSSTRINGB,LOW(SYSSTRINGPARAM1)
000128	E0D1	LDI SYSSTRINGB_H,HIGH(SYSSTRINGPARAM1)
000129	E2EC	LDI SYSREADA,LOW(STRINGTABLE9<<1)
00012A	E0F8	LDI SYSREADA_H,HIGH(STRINGTABLE9<<1)
00012B	D2A0	RCALL SYSREADSTRING
00012C	E050	LDI SYSVALUECOPY,LOW(SYSSTRINGPARAM1)
00012D	9350 0127	STS SYSPRINTDATAHANDLER,SYSVALUECOPY
00012F	E051	LDI SYSVALUECOPY,HIGH(SYSSTRINGPARAM1)
000130	9350 0128	STS SYSPRINTDATAHANDLER_H,SYSVALUECOPY
000132	D26A	RCALL PRINT108
000133	E051	LDI SYSVALUECOPY,1
000134	9350 011F	STS LCDLINE,SYSVALUECOPY
000136	E054	LDI SYSVALUECOPY,4
000137	9350 011D	STS LCDCOLUMN,SYSVALUECOPY
000139	D241	RCALL LOCATE
00013A	E0C0	LDI SYSSTRINGB,LOW(SYSSTRINGPARAM1)
00013B	E0D1	LDI SYSSTRINGB_H,HIGH(SYSSTRINGPARAM1)
00013C	E3E6	LDI SYSREADA,LOW(STRINGTABLE10<<1)
00013D	E0F8	LDI SYSREADA_H,HIGH(STRINGTABLE10<<1)
00013E	D28D	RCALL SYSREADSTRING
00013F	E050	LDI SYSVALUECOPY,LOW(SYSSTRINGPARAM1)
000140	9350 0127	STS SYSPRINTDATAHANDLER,SYSVALUECOPY
000142	E051	LDI SYSVALUECOPY,HIGH(SYSSTRINGPARAM1)
000143	9350 0128	STS SYSPRINTDATAHANDLER_H,SYSVALUECOPY
000145	D257	RCALL PRINT108
000146	EFD4	LDI SYSWAITTEMPMS,244
000147	E0E1	LDI SYSWAITTEMPMS_H,1
000148	D0A8	RCALL DELAY_MS
000149	E05A	LDI SYSVALUECOPY,10
00014A	9350 012A	STS SYSREPEATTEMP1,SYSVALUECOPY
		SYSREPEATLOOP1
00014C	E05B	LDI SYSVALUECOPY,11
00014D	9350 011E	STS LCDCRSR,SYSVALUECOPY
00014F	D157	RCALL LCDCURSOR
000150	E6D4	LDI SYSWAITTEMPMS,100
000151	E0E0	LDI SYSWAITTEMPMS_H,0
000152	D09E	RCALL DELAY_MS
000153	E05C	LDI SYSVALUECOPY,12
000154	9350 011E	STS LCDCRSR,SYSVALUECOPY
000156	D150	RCALL LCDCURSOR
000157	E6D4	LDI SYSWAITTEMPMS,100
000158	E0E0	LDI SYSWAITTEMPMS_H,0
000159	D097	RCALL DELAY_MS
00015A	9010 012A	LDS SYSTEMP1,SYSREPEATTEMP1
00015C	941A	DEC SYSTEMP1
00015D	9210 012A	STS SYSREPEATTEMP1,SYSTEMP1
00015F	F761	BRNE SYSREPEATLOOP1
		SYSREPEATLOOPEND1
000160	D07B	RCALL LBCLS
000161	E050	LDI SYSVALUECOPY,0
000162	9350 011F	STS LCDLINE,SYSVALUECOPY
000164	E050	LDI SYSVALUECOPY,0
000165	9350 011D	STS LCDCOLUMN,SYSVALUECOPY
000167	D213	RCALL LOCATE
000168	E0C0	LDI SYSSTRINGB,LOW(SYSSTRINGPARAM1)
000169	E0D1	LDI SYSSTRINGB_H,HIGH(SYSSTRINGPARAM1)
00016A	E3EE	LDI SYSREADA,LOW(STRINGTABLE11<<1)
00016B	E0F8	LDI SYSREADA_H,HIGH(STRINGTABLE11<<1)
00016C	D25F	RCALL SYSREADSTRING
00016D	E050	LDI SYSVALUECOPY,LOW(SYSSTRINGPARAM1)
00016E	9350 0127	STS SYSPRINTDATAHANDLER,SYSVALUECOPY
000170	E051	LDI SYSVALUECOPY,HIGH(SYSSTRINGPARAM1)
000171	9350 0128	STS SYSPRINTDATAHANDLER_H,SYSVALUECOPY
000173	D229	RCALL PRINT108
000174	E051	LDI SYSVALUECOPY,1
000175	9350 011F	STS LCDLINE,SYSVALUECOPY
000177	E050	LDI SYSVALUECOPY,0
000178	9350 011D	STS LCDCOLUMN,SYSVALUECOPY
00017A	D200	RCALL LOCATE
00017B	E0C0	LDI SYSSTRINGB,LOW(SYSSTRINGPARAM1)
00017C	E0D1	LDI SYSSTRINGB_H,HIGH(SYSSTRINGPARAM1)
00017D	E4EA	LDI SYSREADA,LOW(STRINGTABLE12<<1)
00017E	E0F8	LDI SYSREADA_H,HIGH(STRINGTABLE12<<1)
00017F	D24C	RCALL SYSREADSTRING
000180	E050	LDI SYSVALUECOPY,LOW(SYSSTRINGPARAM1)
000181	9350 0127	STS SYSPRINTDATAHANDLER,SYSVALUECOPY
000183	E051	LDI SYSVALUECOPY,HIGH(SYSSTRINGPARAM1)
000184	9350 0128	STS SYSPRINTDATAHANDLER_H,SYSVALUECOPY
000186	D216	RCALL PRINT108
000187	E0F1	LDI SYSWAITTEMPS,1
000188	D074	RCALL DELAY_S
000189	E05B	LDI SYSVALUECOPY,11
00018A	9350 011E	STS LCDCRSR,SYSVALUECOPY
00018C	D11A	RCALL LCDCURSOR
00018D	E0F2	LDI SYSWAITTEMPS,2
00018E	D06E	RCALL DELAY_S
00018F	D04C	RCALL LBCLS
000190	E050	LDI SYSVALUECOPY,0
000191	9350 011F	STS LCDLINE,SYSVALUECOPY
000193	E050	LDI SYSVALUECOPY,0
000194	9350 011D	STS LCDCOLUMN,SYSVALUECOPY
000196	D1E4	RCALL LOCATE
000197	E05C	LDI SYSVALUECOPY,12
000198	9350 011E	STS LCDCRSR,SYSVALUECOPY
00019A	D10C	RCALL LCDCURSOR
00019B	E15B	LDI SYSVALUECOPY,27
00019C	9350 0112	STS SYSCHARARRAY_1,SYSVALUECOPY
00019E	E15B	LDI SYSVALUECOPY,27
00019F	9350 0113	STS SYSCHARARRAY_2,SYSVALUECOPY
0001A1	E050	LDI SYSVALUECOPY,0
0001A2	9350 0114	STS SYSCHARARRAY_3,SYSVALUECOPY
0001A4	E054	LDI SYSVALUECOPY,4
0001A5	9350 0115	STS SYSCHARARRAY_4,SYSVALUECOPY
0001A7	E050	LDI SYSVALUECOPY,0
0001A8	9350 0116	STS SYSCHARARRAY_5,SYSVALUECOPY
0001AA	E151	LDI SYSVALUECOPY,17
0001AB	9350 0117	STS SYSCHARARRAY_6,SYSVALUECOPY
0001AD	E151	LDI SYSVALUECOPY,17
0001AE	9350 0118	STS SYSCHARARRAY_7,SYSVALUECOPY
0001B0	E05E	LDI SYSVALUECOPY,14
0001B1	9350 0119	STS SYSCHARARRAY_8,SYSVALUECOPY
0001B3	D028	RCALL LBCLS
0001B4	E050	LDI SYSVALUECOPY,0
0001B5	9350 011C	STS LCDCHARLOC,SYSVALUECOPY
0001B7	E151	LDI SYSVALUECOPY,LOW(CHARARRAY)
0001B8	9350 0125	STS SYSLCDCHARDATAHANDLER,SYSVALUECOPY
0001BA	E051	LDI SYSVALUECOPY,HIGH(CHARARRAY)
0001BB	9350 0126	STS SYSLCDCHARDATAHANDLER_H,SYSVALUECOPY
0001BD	D0B7	RCALL LCDCREATECHAR
0001BE	E050	LDI SYSVALUECOPY,0
0001BF	9350 011B	STS LCDCHAR,SYSVALUECOPY
0001C1	D1B2	RCALL LCDWRITECHAR
0001C2	E0F1	LDI SYSWAITTEMPS,1
0001C3	D039	RCALL DELAY_S
0001C4	E051	LDI SYSVALUECOPY,1
0001C5	9350 011F	STS LCDLINE,SYSVALUECOPY
0001C7	E050	LDI SYSVALUECOPY,0
0001C8	9350 011D	STS LCDCOLUMN,SYSVALUECOPY
0001CA	D1B0	RCALL LOCATE
0001CB	E0C0	LDI SYSSTRINGB,LOW(SYSSTRINGPARAM1)
0001CC	E0D1	LDI SYSSTRINGB_H,HIGH(SYSSTRINGPARAM1)
0001CD	E5E4	LDI SYSREADA,LOW(STRINGTABLE13<<1)
0001CE	E0F8	LDI SYSREADA_H,HIGH(STRINGTABLE13<<1)
0001CF	D1FC	RCALL SYSREADSTRING
0001D0	E050	LDI SYSVALUECOPY,LOW(SYSSTRINGPARAM1)
0001D1	9350 0127	STS SYSPRINTDATAHANDLER,SYSVALUECOPY
0001D3	E051	LDI SYSVALUECOPY,HIGH(SYSSTRINGPARAM1)
0001D4	9350 0128	STS SYSPRINTDATAHANDLER_H,SYSVALUECOPY
0001D6	D1C6	RCALL PRINT108
0001D7	E0F1	LDI SYSWAITTEMPS,1
0001D8	D024	RCALL DELAY_S
0001D9	CE61	RJMP SYSDOLOOP_S1
		SYSDOLOOP_E1
		BASPROGRAMEND
0001DA	9588	SLEEP
0001DB	CFFE	RJMP BASPROGRAMEND


		LBCLS
0001DC	9828	CBI PORTB,0
0001DD	E051	LDI SYSVALUECOPY,1
0001DE	9350 011A	STS LCDBYTE,SYSVALUECOPY
0001E0	D12B	RCALL LCDNORMALWRITEBYTE
0001E1	E0D4	LDI SYSWAITTEMPMS,4
0001E2	E0E0	LDI SYSWAITTEMPMS_H,0
0001E3	D00D	RCALL DELAY_MS
0001E4	E850	LDI SYSVALUECOPY,128
0001E5	9350 011A	STS LCDBYTE,SYSVALUECOPY
0001E7	D124	RCALL LCDNORMALWRITEBYTE
0001E8	E0BC	LDI SYSWAITTEMP10US,12
0001E9	C000	RJMP DELAY_10US


		DELAY_10US
		D10US_START
0001EA	E394	LDI DELAYTEMP,52
		DELAYUS1
0001EB	959A	DEC DELAYTEMP
0001EC	F7F1	BRNE DELAYUS1
0001ED	0000	NOP
0001EE	95BA	DEC SYSWAITTEMP10US
0001EF	F7D1	BRNE D10US_START
0001F0	9508	RET


		DELAY_MS
0001F1	95E3	INC SYSWAITTEMPMS_H
		DMS_START
0001F2	EFAE	LDI DELAYTEMP2,254
		DMS_OUTER
0001F3	E194	LDI DELAYTEMP,20
		DMS_INNER
0001F4	959A	DEC DELAYTEMP
0001F5	F7F1	BRNE DMS_INNER
0001F6	95AA	DEC DELAYTEMP2
0001F7	F7D9	BRNE DMS_OUTER
0001F8	95DA	DEC SYSWAITTEMPMS
0001F9	F7C1	BRNE DMS_START
0001FA	95EA	DEC SYSWAITTEMPMS_H
0001FB	F7B1	BRNE DMS_START
0001FC	9508	RET


		DELAY_S
		DS_START
0001FD	EED8	LDI SYSWAITTEMPMS,232
0001FE	E0E3	LDI SYSWAITTEMPMS_H,3
0001FF	DFF1	RCALL DELAY_MS
000200	95FA	DEC SYSWAITTEMPS
000201	F7D9	BRNE DS_START
000202	9508	RET


		INITLCD
000203	9A20	SBI DDRB,0
000204	9A21	SBI DDRB,1
000205	E0DA	LDI SYSWAITTEMPMS,10
000206	E0E0	LDI SYSWAITTEMPMS_H,0
000207	DFE9	RCALL DELAY_MS
		SYSWAITLOOP1
000208	D163	RCALL FN_LCDREADY
000209	9010 0120	LDS SYSTEMP1,LCDREADY
00020B	2011	TST SYSTEMP1
00020C	F3D9	BREQ SYSWAITLOOP1
00020D	9828	CBI PORTB,0
00020E	9A54	SBI DDRD,4
00020F	9A55	SBI DDRD,5
000210	9A56	SBI DDRD,6
000211	9A57	SBI DDRD,7
000212	E0DF	LDI SYSWAITTEMPMS,15
000213	E0E0	LDI SYSWAITTEMPMS_H,0
000214	DFDC	RCALL DELAY_MS
000215	9A5C	SBI PORTD,4
000216	9A5D	SBI PORTD,5
000217	985E	CBI PORTD,6
000218	985F	CBI PORTD,7
000219	E09A	LDI DELAYTEMP,10
		DELAYUS2
00021A	959A	DEC DELAYTEMP
00021B	F7F1	BRNE DELAYUS2
00021C	C000	RJMP PC + 1
00021D	9A29	SBI PORTB,1
00021E	E09A	LDI DELAYTEMP,10
		DELAYUS3
00021F	959A	DEC DELAYTEMP
000220	F7F1	BRNE DELAYUS3
000221	C000	RJMP PC + 1
000222	9829	CBI PORTB,1
000223	E0D5	LDI SYSWAITTEMPMS,5
000224	E0E0	LDI SYSWAITTEMPMS_H,0
000225	DFCB	RCALL DELAY_MS
000226	E053	LDI SYSVALUECOPY,3
000227	9350 012B	STS SYSREPEATTEMP2,SYSVALUECOPY
		SYSREPEATLOOP2
000229	9A29	SBI PORTB,1
00022A	E09A	LDI DELAYTEMP,10
		DELAYUS4
00022B	959A	DEC DELAYTEMP
00022C	F7F1	BRNE DELAYUS4
00022D	C000	RJMP PC + 1
00022E	9829	CBI PORTB,1
00022F	E0A4	LDI DELAYTEMP2,4
		DELAYUSO5
000230	E090	LDI DELAYTEMP,0
		DELAYUS5
000231	959A	DEC DELAYTEMP
000232	F7F1	BRNE DELAYUS5
000233	95AA	DEC DELAYTEMP2
000234	F7D9	BRNE DELAYUSO5
000235	E296	LDI DELAYTEMP,38
		DELAYUS6
000236	959A	DEC DELAYTEMP
000237	F7F1	BRNE DELAYUS6
000238	C000	RJMP PC + 1
000239	9020 012B	LDS SYSTEMP3,SYSREPEATTEMP2
00023B	942A	DEC SYSTEMP3
00023C	9220 012B	STS SYSREPEATTEMP2,SYSTEMP3
00023E	F751	BRNE SYSREPEATLOOP2
		SYSREPEATLOOPEND2
00023F	E0D5	LDI SYSWAITTEMPMS,5
000240	E0E0	LDI SYSWAITTEMPMS_H,0
000241	DFAF	RCALL DELAY_MS
000242	985C	CBI PORTD,4
000243	9A5D	SBI PORTD,5
000244	985E	CBI PORTD,6
000245	985F	CBI PORTD,7
000246	E09A	LDI DELAYTEMP,10
		DELAYUS7
000247	959A	DEC DELAYTEMP
000248	F7F1	BRNE DELAYUS7
000249	C000	RJMP PC + 1
00024A	9A29	SBI PORTB,1
00024B	E09A	LDI DELAYTEMP,10
		DELAYUS8
00024C	959A	DEC DELAYTEMP
00024D	F7F1	BRNE DELAYUS8
00024E	C000	RJMP PC + 1
00024F	9829	CBI PORTB,1
000250	E0A1	LDI DELAYTEMP2,1
		DELAYUSO9
000251	E090	LDI DELAYTEMP,0
		DELAYUS9
000252	959A	DEC DELAYTEMP
000253	F7F1	BRNE DELAYUS9
000254	95AA	DEC DELAYTEMP2
000255	F7D9	BRNE DELAYUSO9
000256	E099	LDI DELAYTEMP,9
		DELAYUS10
000257	959A	DEC DELAYTEMP
000258	F7F1	BRNE DELAYUS10
000259	C000	RJMP PC + 1
00025A	E258	LDI SYSVALUECOPY,40
00025B	9350 011A	STS LCDBYTE,SYSVALUECOPY
00025D	D0AE	RCALL LCDNORMALWRITEBYTE
00025E	E056	LDI SYSVALUECOPY,6
00025F	9350 011A	STS LCDBYTE,SYSVALUECOPY
000261	D0AA	RCALL LCDNORMALWRITEBYTE
000262	E05C	LDI SYSVALUECOPY,12
000263	9350 011A	STS LCDBYTE,SYSVALUECOPY
000265	D0A6	RCALL LCDNORMALWRITEBYTE
000266	DF75	RCALL LBCLS
000267	E05C	LDI SYSVALUECOPY,12
000268	9350 0122	STS LCD_STATE,SYSVALUECOPY
00026A	9508	RET


		INITSYS
00026B	E050	LDI SYSVALUECOPY,0
00026C	B955	OUT PORTB,SYSVALUECOPY
00026D	E050	LDI SYSVALUECOPY,0
00026E	B958	OUT PORTC,SYSVALUECOPY
00026F	E050	LDI SYSVALUECOPY,0
000270	B95B	OUT PORTD,SYSVALUECOPY
000271	9508	RET


		INITUNO
000272	9850	CBI DDRD,0
000273	9A51	SBI DDRD,1
000274	9508	RET


		LCDCREATECHAR
000275	9828	CBI PORTB,0
000276	9160 011C	LDS SYSBYTETEMPA,LCDCHARLOC
000278	E0C8	LDI SYSBYTETEMPB,8
000279	9F6C	MUL SYSBYTETEMPA,SYSBYTETEMPB
00027A	2C10	MOV SYSTEMP1,SYSBYTETEMPX
00027B	E400	LDI SYSTEMP2,64
00027C	0E10	ADD SYSTEMP1,SYSTEMP2
00027D	9210 011A	STS LCDBYTE,SYSTEMP1
00027F	D08C	RCALL LCDNORMALWRITEBYTE
000280	E0B5	LDI SYSWAITTEMP10US,5
000281	DF68	RCALL DELAY_10US
000282	9A28	SBI PORTB,0
000283	E050	LDI SYSVALUECOPY,0
000284	9350 0121	STS LCDTEMP,SYSVALUECOPY
		SYSFORLOOP2
000286	9010 0121	LDS SYSTEMP1,LCDTEMP
000288	9413	INC SYSTEMP1
000289	9210 0121	STS LCDTEMP,SYSTEMP1
00028B	9010 0125	LDS SYSTEMP1,SYSLCDCHARDATAHANDLER
00028D	9020 0121	LDS SYSTEMP3,LCDTEMP
00028F	0C12	ADD SYSTEMP1,SYSTEMP3
000290	2DA1	MOV SYSSTRINGA,SYSTEMP1
000291	9010 0126	LDS SYSTEMP1,SYSLCDCHARDATAHANDLER_H
000293	E000	LDI SYSTEMP2,0
000294	1E10	ADC SYSTEMP1,SYSTEMP2
000295	2DB1	MOV SYSSTRINGA_H,SYSTEMP1
000296	915C	LD SYSVALUECOPY,X
000297	9350 011A	STS LCDBYTE,SYSVALUECOPY
000299	D072	RCALL LCDNORMALWRITEBYTE
00029A	E0B5	LDI SYSWAITTEMP10US,5
00029B	DF4E	RCALL DELAY_10US
00029C	9160 0121	LDS SYSCALCTEMPA,LCDTEMP
00029E	3068	CPI SYSCALCTEMPA,8
00029F	F330	BRLO SYSFORLOOP2
		SYSFORLOOPEND2
0002A0	9828	CBI PORTB,0
0002A1	E850	LDI SYSVALUECOPY,128
0002A2	9350 011A	STS LCDBYTE,SYSVALUECOPY
0002A4	D067	RCALL LCDNORMALWRITEBYTE
0002A5	E0B5	LDI SYSWAITTEMP10US,5
0002A6	CF43	RJMP DELAY_10US


		LCDCURSOR
0002A7	9828	CBI PORTB,0
0002A8	9160 011E	LDS SYSCALCTEMPA,LCDCRSR
0002AA	3061	CPI SYSCALCTEMPA,1
0002AB	F431	BRNE ENDIF16
0002AC	E00C	LDI SYSTEMP2,12
0002AD	9010 0122	LDS SYSTEMP1,LCD_STATE
0002AF	2A10	OR SYSTEMP1,SYSTEMP2
0002B0	9210 0121	STS LCDTEMP,SYSTEMP1
		ENDIF16
0002B2	9160 011E	LDS SYSCALCTEMPA,LCDCRSR
0002B4	306C	CPI SYSCALCTEMPA,12
0002B5	F431	BRNE ENDIF17
0002B6	E00C	LDI SYSTEMP2,12
0002B7	9010 0122	LDS SYSTEMP1,LCD_STATE
0002B9	2A10	OR SYSTEMP1,SYSTEMP2
0002BA	9210 0121	STS LCDTEMP,SYSTEMP1
		ENDIF17
0002BC	9160 011E	LDS SYSCALCTEMPA,LCDCRSR
0002BE	2366	TST SYSCALCTEMPA
0002BF	F431	BRNE ENDIF18
0002C0	E00B	LDI SYSTEMP2,11
0002C1	9010 0122	LDS SYSTEMP1,LCD_STATE
0002C3	2210	AND SYSTEMP1,SYSTEMP2
0002C4	9210 0121	STS LCDTEMP,SYSTEMP1
		ENDIF18
0002C6	9160 011E	LDS SYSCALCTEMPA,LCDCRSR
0002C8	306B	CPI SYSCALCTEMPA,11
0002C9	F431	BRNE ENDIF19
0002CA	E00B	LDI SYSTEMP2,11
0002CB	9010 0122	LDS SYSTEMP1,LCD_STATE
0002CD	2210	AND SYSTEMP1,SYSTEMP2
0002CE	9210 0121	STS LCDTEMP,SYSTEMP1
		ENDIF19
0002D0	9160 011E	LDS SYSCALCTEMPA,LCDCRSR
0002D2	306A	CPI SYSCALCTEMPA,10
0002D3	F431	BRNE ENDIF20
0002D4	E00A	LDI SYSTEMP2,10
0002D5	9010 0122	LDS SYSTEMP1,LCD_STATE
0002D7	2A10	OR SYSTEMP1,SYSTEMP2
0002D8	9210 0121	STS LCDTEMP,SYSTEMP1
		ENDIF20
0002DA	9160 011E	LDS SYSCALCTEMPA,LCDCRSR
0002DC	306D	CPI SYSCALCTEMPA,13
0002DD	F431	BRNE ENDIF21
0002DE	E00D	LDI SYSTEMP2,13
0002DF	9010 0122	LDS SYSTEMP1,LCD_STATE
0002E1	2210	AND SYSTEMP1,SYSTEMP2
0002E2	9210 0121	STS LCDTEMP,SYSTEMP1
		ENDIF21
0002E4	9160 011E	LDS SYSCALCTEMPA,LCDCRSR
0002E6	3069	CPI SYSCALCTEMPA,9
0002E7	F431	BRNE ENDIF22
0002E8	E009	LDI SYSTEMP2,9
0002E9	9010 0122	LDS SYSTEMP1,LCD_STATE
0002EB	2A10	OR SYSTEMP1,SYSTEMP2
0002EC	9210 0121	STS LCDTEMP,SYSTEMP1
		ENDIF22
0002EE	9160 011E	LDS SYSCALCTEMPA,LCDCRSR
0002F0	3069	CPI SYSCALCTEMPA,9
0002F1	F431	BRNE ENDIF23
0002F2	E009	LDI SYSTEMP2,9
0002F3	9010 0122	LDS SYSTEMP1,LCD_STATE
0002F5	2A10	OR SYSTEMP1,SYSTEMP2
0002F6	9210 0121	STS LCDTEMP,SYSTEMP1
		ENDIF23
0002F8	9160 011E	LDS SYSCALCTEMPA,LCDCRSR
0002FA	306E	CPI SYSCALCTEMPA,14
0002FB	F431	BRNE ENDIF24
0002FC	E00E	LDI SYSTEMP2,14
0002FD	9010 0122	LDS SYSTEMP1,LCD_STATE
0002FF	2210	AND SYSTEMP1,SYSTEMP2
000300	9210 0121	STS LCDTEMP,SYSTEMP1
		ENDIF24
000302	9150 0121	LDS SYSVALUECOPY,LCDTEMP
000304	9350 011A	STS LCDBYTE,SYSVALUECOPY
000306	D005	RCALL LCDNORMALWRITEBYTE
000307	9150 0121	LDS SYSVALUECOPY,LCDTEMP
000309	9350 0122	STS LCD_STATE,SYSVALUECOPY
00030B	9508	RET


		LCDNORMALWRITEBYTE
00030C	9A54	SBI DDRD,4
00030D	9A55	SBI DDRD,5
00030E	9A56	SBI DDRD,6
00030F	9A57	SBI DDRD,7
000310	985C	CBI PORTD,4
000311	985D	CBI PORTD,5
000312	985E	CBI PORTD,6
000313	985F	CBI PORTD,7
000314	9050 011A	LDS SYSBITTEST,LCDBYTE
000316	FC57	SBRC SYSBITTEST,7
000317	9A5F	SBI PORTD,7
		ENDIF5
000318	9050 011A	LDS SYSBITTEST,LCDBYTE
00031A	FC56	SBRC SYSBITTEST,6
00031B	9A5E	SBI PORTD,6
		ENDIF6
00031C	9050 011A	LDS SYSBITTEST,LCDBYTE
00031E	FC55	SBRC SYSBITTEST,5
00031F	9A5D	SBI PORTD,5
		ENDIF7
000320	9050 011A	LDS SYSBITTEST,LCDBYTE
000322	FC54	SBRC SYSBITTEST,4
000323	9A5C	SBI PORTD,4
		ENDIF8
000324	E095	LDI DELAYTEMP,5
		DELAYUS11
000325	959A	DEC DELAYTEMP
000326	F7F1	BRNE DELAYUS11
000327	0000	NOP
000328	9A29	SBI PORTB,1
000329	E09A	LDI DELAYTEMP,10
		DELAYUS12
00032A	959A	DEC DELAYTEMP
00032B	F7F1	BRNE DELAYUS12
00032C	C000	RJMP PC + 1
00032D	9829	CBI PORTB,1
00032E	E09A	LDI DELAYTEMP,10
		DELAYUS13
00032F	959A	DEC DELAYTEMP
000330	F7F1	BRNE DELAYUS13
000331	C000	RJMP PC + 1
000332	985C	CBI PORTD,4
000333	985D	CBI PORTD,5
000334	985E	CBI PORTD,6
000335	985F	CBI PORTD,7
000336	9050 011A	LDS SYSBITTEST,LCDBYTE
000338	FC53	SBRC SYSBITTEST,3
000339	9A5F	SBI PORTD,7
		ENDIF9
00033A	9050 011A	LDS SYSBITTEST,LCDBYTE
00033C	FC52	SBRC SYSBITTEST,2
00033D	9A5E	SBI PORTD,6
		ENDIF10
00033E	9050 011A	LDS SYSBITTEST,LCDBYTE
000340	FC51	SBRC SYSBITTEST,1
000341	9A5D	SBI PORTD,5
		ENDIF11
000342	9050 011A	LDS SYSBITTEST,LCDBYTE
000344	FC50	SBRC SYSBITTEST,0
000345	9A5C	SBI PORTD,4
		ENDIF12
000346	E095	LDI DELAYTEMP,5
		DELAYUS14
000347	959A	DEC DELAYTEMP
000348	F7F1	BRNE DELAYUS14
000349	0000	NOP
00034A	9A29	SBI PORTB,1
00034B	E09A	LDI DELAYTEMP,10
		DELAYUS15
00034C	959A	DEC DELAYTEMP
00034D	F7F1	BRNE DELAYUS15
00034E	C000	RJMP PC + 1
00034F	9829	CBI PORTB,1
000350	E09A	LDI DELAYTEMP,10
		DELAYUS16
000351	959A	DEC DELAYTEMP
000352	F7F1	BRNE DELAYUS16
000353	C000	RJMP PC + 1
000354	985F	CBI PORTD,7
000355	985E	CBI PORTD,6
000356	985D	CBI PORTD,5
000357	985C	CBI PORTD,4
000358	EA9A	LDI DELAYTEMP,170
		DELAYUS17
000359	959A	DEC DELAYTEMP
00035A	F7F1	BRNE DELAYUS17
00035B	C000	RJMP PC + 1
00035C	9918	SBIC PINB,0
00035D	C00D	RJMP ENDIF13
00035E	9160 011A	LDS SYSCALCTEMPA,LCDBYTE
000360	3160	CPI SYSCALCTEMPA,16
000361	F448	BRSH ENDIF14
000362	E067	LDI SYSCALCTEMPA,7
000363	91C0 011A	LDS SYSCALCTEMPB,LCDBYTE
000365	176C	CP SYSCALCTEMPA,SYSCALCTEMPB
000366	F420	BRSH ENDIF15
000367	9150 011A	LDS SYSVALUECOPY,LCDBYTE
000369	9350 0122	STS LCD_STATE,SYSVALUECOPY
		ENDIF15
		ENDIF14
		ENDIF13
00036B	9508	RET


		FN_LCDREADY
00036C	E0DA	LDI SYSWAITTEMPMS,10
00036D	E0E0	LDI SYSWAITTEMPMS_H,0
00036E	DE82	RCALL DELAY_MS
00036F	EF5F	LDI SYSVALUECOPY,255
000370	9350 0120	STS LCDREADY,SYSVALUECOPY
000372	9508	RET
000373	9508	RET


		LCDWRITECHAR
000374	9A28	SBI PORTB,0
000375	9150 011B	LDS SYSVALUECOPY,LCDCHAR
000377	9350 011A	STS LCDBYTE,SYSVALUECOPY
000379	DF92	RCALL LCDNORMALWRITEBYTE
00037A	9508	RET


		LOCATE
00037B	9828	CBI PORTB,0
00037C	E061	LDI SYSCALCTEMPA,1
00037D	91C0 011F	LDS SYSCALCTEMPB,LCDLINE
00037F	176C	CP SYSCALCTEMPA,SYSCALCTEMPB
000380	F460	BRSH ENDIF1
000381	9010 011F	LDS SYSTEMP1,LCDLINE
000383	E002	LDI SYSTEMP2,2
000384	1A10	SUB SYSTEMP1,SYSTEMP2
000385	9210 011F	STS LCDLINE,SYSTEMP1
000387	9010 011D	LDS SYSTEMP1,LCDCOLUMN
000389	E104	LDI SYSTEMP2,20
00038A	0E10	ADD SYSTEMP1,SYSTEMP2
00038B	9210 011D	STS LCDCOLUMN,SYSTEMP1
		ENDIF1
00038D	9160 011F	LDS SYSBYTETEMPA,LCDLINE
00038F	E4C0	LDI SYSBYTETEMPB,64
000390	9F6C	MUL SYSBYTETEMPA,SYSBYTETEMPB
000391	2D00	MOV SYSTEMP2,SYSBYTETEMPX
000392	9020 011D	LDS SYSTEMP3,LCDCOLUMN
000394	0D02	ADD SYSTEMP2,SYSTEMP3
000395	2E10	MOV SYSTEMP1,SYSTEMP2
000396	E800	LDI SYSTEMP2,128
000397	2A10	OR SYSTEMP1,SYSTEMP2
000398	9210 011A	STS LCDBYTE,SYSTEMP1
00039A	DF71	RCALL LCDNORMALWRITEBYTE
00039B	E0B5	LDI SYSWAITTEMP10US,5
00039C	CE4D	RJMP DELAY_10US


		PRINT108
00039D	91A0 0127	LDS SYSSTRINGA,SYSPRINTDATAHANDLER
00039F	91B0 0128	LDS SYSSTRINGA_H,SYSPRINTDATAHANDLER_H
0003A1	915C	LD SYSVALUECOPY,X
0003A2	9350 0123	STS PRINTLEN,SYSVALUECOPY
0003A4	9160 0123	LDS SYSCALCTEMPA,PRINTLEN
0003A6	2366	TST SYSCALCTEMPA
0003A7	F409	BRNE ENDIF2
0003A8	9508	RET
		ENDIF2
0003A9	9A28	SBI PORTB,0
0003AA	E050	LDI SYSVALUECOPY,0
0003AB	9350 0129	STS SYSPRINTTEMP,SYSVALUECOPY
0003AD	9160 0123	LDS SYSCALCTEMPA,PRINTLEN
0003AF	3061	CPI SYSCALCTEMPA,1
0003B0	F0D0	BRLO SYSFORLOOPEND1
		SYSFORLOOP1
0003B1	9010 0129	LDS SYSTEMP1,SYSPRINTTEMP
0003B3	9413	INC SYSTEMP1
0003B4	9210 0129	STS SYSPRINTTEMP,SYSTEMP1
0003B6	9010 0127	LDS SYSTEMP1,SYSPRINTDATAHANDLER
0003B8	9020 0129	LDS SYSTEMP3,SYSPRINTTEMP
0003BA	0C12	ADD SYSTEMP1,SYSTEMP3
0003BB	2DA1	MOV SYSSTRINGA,SYSTEMP1
0003BC	9010 0128	LDS SYSTEMP1,SYSPRINTDATAHANDLER_H
0003BE	E000	LDI SYSTEMP2,0
0003BF	1E10	ADC SYSTEMP1,SYSTEMP2
0003C0	2DB1	MOV SYSSTRINGA_H,SYSTEMP1
0003C1	915C	LD SYSVALUECOPY,X
0003C2	9350 011A	STS LCDBYTE,SYSVALUECOPY
0003C4	DF47	RCALL LCDNORMALWRITEBYTE
0003C5	9160 0129	LDS SYSCALCTEMPA,SYSPRINTTEMP
0003C7	91C0 0123	LDS SYSCALCTEMPB,PRINTLEN
0003C9	176C	CP SYSCALCTEMPA,SYSCALCTEMPB
0003CA	F330	BRLO SYSFORLOOP1
		SYSFORLOOPEND1
0003CB	9508	RET


		SYSREADSTRING
0003CC	95C8	LPM
0003CD	2D60	MOV SYSCALCTEMPA, SYSCALCTEMPX
0003CE	95E3	INC SYSREADA
0003CF	F409	BRNE PC + 2
0003D0	95F3	INC SYSREADA_H
0003D1	9369	ST Y+, SYSCALCTEMPA
0003D2	C006	RJMP SYSSTRINGREADCHECK
		SYSREADSTRINGPART
0003D3	95C8	LPM
0003D4	2D60	MOV SYSCALCTEMPA, SYSCALCTEMPX
0003D5	95E3	INC SYSREADA
0003D6	F409	BRNE PC + 2
0003D7	95F3	INC SYSREADA_H
0003D8	0F96	ADD SYSSTRINGLENGTH, SYSCALCTEMPA
		SYSSTRINGREADCHECK
0003D9	3060	CPI SYSCALCTEMPA, 0
0003DA	F409	BRNE SYSSTRINGREAD
0003DB	9508	RET
		SYSSTRINGREAD
0003DC	95C8	LPM
0003DD	95E3	INC SYSREADA
0003DE	F409	BRNE PC + 2
0003DF	95F3	INC SYSREADA_H
0003E0	9209	ST Y+, SYSCALCTEMPX
0003E1	956A	DEC SYSCALCTEMPA
0003E2	F7C9	BRNE SYSSTRINGREAD
0003E3	9508	RET


		SYSSTRINGTABLES

		STRINGTABLE1
0003E4	530A 4154 5452 5420 5345 0054	RAW 530A,4154,5452,5420,5345,0054


		STRINGTABLE2
0003EA	440A 5349 4C50 5941 4F20 004E	RAW 440A,5349,4C50,5941,4F20,004E


		STRINGTABLE3
0003F0	4309 7275 6F73 2072 4E4F	RAW 4309,7275,6F73,2072,4E4F


		STRINGTABLE4
0003F5	430A 7275 6F73 2072 464F 0046	RAW 430A,7275,6F73,2072,464F,0046


		STRINGTABLE5
0003FB	4608 414C 4853 4F20 004E	RAW 4608,414C,4853,4F20,004E


		STRINGTABLE6
000400	4609 414C 4853 4F20 4646	RAW 4609,414C,4853,4F20,4646


		STRINGTABLE7
000405	430F 5255 5253 2620 4620 534C 2048 4E4F	RAW 430F,5255,5253,2620,4620,534C,2048,4E4F


		STRINGTABLE8
00040D	4310 5255 5253 2620 4620 534C 2048 464F 0046	RAW 4310,5255,5253,2620,4620,534C,2048,464F,0046


		STRINGTABLE9
000416	4608 616C 6873 6E69 0067	RAW 4608,616C,6873,6E69,0067


		STRINGTABLE10
00041B	4407 7369 6C70 7961	RAW 4407,7369,6C70,7961


		STRINGTABLE11
00041F	440B 5349 4C50 5941 4F20 4646	RAW 440B,5349,4C50,5941,4F20,4646


		STRINGTABLE12
000425	4609 524F 3220 5320 4345	RAW 4609,524F,3220,5320,4345


		STRINGTABLE13
00042A	4508 444E 5420 5345 0054	RAW 4508,444E,5420,5345,0054



